{
  "tables" : {
    "table1" : [
      { "a" : 1, "b" : 2  },
      { "a" : 2, "b" : 4  },
      { "a" : 3, "b" : 9  }
    ],
    "table2" : [
      { "a" : 2, "b" : 4  },
      { "a" : 3, "b" : 9  },
      { "a" : 4, "b" : 16 }
    ],
    "table3" : [
      { "a" : 3, "b" : 9  }
    ]
  }
}
