{
  "tables" : {
    "table" : {
      "table1" : [
        { "a" : 1, "b" : 2  },
        { "a" : 2, "b" : 4  },
        { "a" : 3, "b" : 9  }
      ]
    }
  }
}
