{
  "tables" : {
    "table1" : [
      { "a" : 1, "b" : 2, "c" : 3 },
      { "a" : 2, "b" : 4, "c" : 6 },
      { "a" : 3, "b" : 9, "c" : 12 },
      { "a" : 4, "b" : 16, "c" : 20 },
      { "a" : 5, "b" : 25, "c" : 30 }
    ]
  }
}
