{
  "tables" : {
    "table1" : [
      { "a" : 2, "b" : 4, "c" : 4 },
      { "a" : 3, "b" : 9, "c" : 9 }
    ]
  }
}
