{
  "tables" : {
    "table_shift_r3" : [
      { "a" : 5, "b" : "F", "c": "A" },
      { "a" : 4, "b" : "A", "c": "Q" },
      { "a" : 2, "b" : "A", "c": "P" },
      { "a" : 1, "b" : "C", "c": "A" },
      { "a" : 3, "b" : "E", "c": "B" }
    ],
    "table_shift_l9" : [
      { "a" : 2, "b" : "A", "c": "P" },
      { "a" : 1, "b" : "C", "c": "A" },
      { "a" : 3, "b" : "E", "c": "B" },
      { "a" : 5, "b" : "F", "c": "A" },
      { "a" : 4, "b" : "A", "c": "Q" }
    ],
    "table_invert" : [
      { "a" : 2, "b" : "A", "c": "P" },
      { "a" : 4, "b" : "A", "c": "Q" },
      { "a" : 5, "b" : "F", "c": "A" },
      { "a" : 3, "b" : "E", "c": "B" },
      { "a" : 1, "b" : "C", "c": "A" }
    ]
  }
}
