{
  "tables" : {
    "table" : {
      "table_sort_a" : [
        { "a" : 1, "b" : "C", "c": "A" },
        { "a" : 2, "b" : "A", "c": "P" },
        { "a" : 3, "b" : "E", "c": "B" },
        { "a" : 4, "b" : "A", "c": "Q" },
        { "a" : 5, "b" : "F", "c": "A" }
      ],
      "table_sort_a_dsc" : [
        { "a" : 5, "b" : "F", "c": "A" },
        { "a" : 4, "b" : "A", "c": "Q" },
        { "a" : 3, "b" : "E", "c": "B" },
        { "a" : 2, "b" : "A", "c": "P" },
        { "a" : 1, "b" : "C", "c": "A" }
      ],
      "table_sort_b" : [
        { "a" : 4, "b" : "A", "c": "Q" },
        { "a" : 2, "b" : "A", "c": "P" },
        { "a" : 1, "b" : "C", "c": "A" },
        { "a" : 3, "b" : "E", "c": "B" },
        { "a" : 5, "b" : "F", "c": "A" }
      ],
      "table_sort_b_dsc" : [
        { "a" : 5, "b" : "F", "c": "A" },
        { "a" : 3, "b" : "E", "c": "B" },
        { "a" : 1, "b" : "C", "c": "A" },
        { "a" : 4, "b" : "A", "c": "Q" },
        { "a" : 2, "b" : "A", "c": "P" }
      ],
      "table_sort_c" : [
        { "a" : 1, "b" : "C", "c": "A" },
        { "a" : 5, "b" : "F", "c": "A" },
        { "a" : 3, "b" : "E", "c": "B" },
        { "a" : 2, "b" : "A", "c": "P" },
        { "a" : 4, "b" : "A", "c": "Q" }
      ],
      "table_sort_bc" : [
        { "a" : 2, "b" : "A", "c": "P" },
        { "a" : 4, "b" : "A", "c": "Q" },
        { "a" : 1, "b" : "C", "c": "A" },
        { "a" : 3, "b" : "E", "c": "B" },
        { "a" : 5, "b" : "F", "c": "A" }
      ]
    }
  }
}
