{
  "tables" : {
    "table" : {
      "table0" : [
        { "a" : 1, "b": 2, "c" : 3, "p" : "p0", "q": "q0" },
        { "a" : 1, "b": 2, "c" : 3, "p" : "p1", "q": "q1" }
      ]
    }
  }
}
