{
  "tables" : {
    "table" : {
      "table0" : [
        { "a": 1, "b": "2" },
        { "a": 2, "b": "4" },
        { "a": 3, "b": "6" },
        { "a": 4, "b": "8" },
        { "a": 5, "b": "10" }
      ],
      "t" : [
        { "a": 1, "b": "2", "c": 3, "d": 4, "e": "2" },
        { "a": 2, "b": "4", "c": 6, "d": 8, "e": "4" },
        { "a": 3, "b": "6", "c": 9, "d": 12, "e": "6" },
        { "a": 4, "b": "8", "c": 12, "d": 16, "e": "8" },
        { "a": 5, "b": "10", "c": 15, "d": 20, "e": "10" }
      ]
    }
  }
}
